[1;33m[ВНИМАНИЕ][0m Это НЕ Live-среда (корень: ext4) — разрешен только режим --dry-run
[1;34m[ИНФО][0m Текущий размер p7: 626 ГБ
[1;34m[ИНФО][0m Целевой размер p7: 200 ГБ (корень /)
[1;34m[ИНФО][0m Целевой размер p8: ~426 ГБ (данные /home)
  [1;36m[dry-run][0m swapoff -a
[1;33m[ВНИМАНИЕ][0m [dry-run] Разделы NVMe смонтированы на хосте (в Live-USB они будут отмонтированы).

[1m======================================================================[0m
[1;36m  📋 ПЛАН ОПЕРАЦИИ РАЗДЕЛЕНИЯ НАКОПИТЕЛЯ (БЕЗ ПОТЕРИ ДАННЫХ):[0m
[1m======================================================================[0m
 1. Проверка целостности файловой системы p7 (e2fsck)
 2. Сжатие p7 с 627 ГБ до [1;32m200 ГБ[0m (корень /)
 3. Создание нового раздела p8 на [1;32m~427 ГБ[0m (ext4, /home)
 4. Перенос данных /home на p8 с сохранением прав и ACL (rsync -aHAX)
 5. Очистка старого /home в корне для освобождения 66 ГБ
 6. Добавление записи /home в /etc/fstab установленной системы
----------------------------------------------------------------------
[1;34m[ИНФО][0m Режим симуляции (--dry-run). Изменения на диск вноситься НЕ будут.
[1;34m[ИНФО][0m Создание резервной копии таблицы разделов...
  [1;36m[dry-run][0m sfdisk -d /dev/nvme0n1 > /tmp/parttable-before-split-20260902-202633.bak
[1;34m[ИНФО][0m Проверка файловой системы p7...
  [1;36m[dry-run][0m e2fsck -fy /dev/nvme0n1p7
[1;34m[ИНФО][0m Безопасное сжатие ext4 до 195 ГБ (с запасом для изменения границы)...
  [1;36m[dry-run][0m resize2fs /dev/nvme0n1p7 195G
[1;34m[ИНФО][0m Изменение границы раздела p7 в таблице GPT (до 200 ГБ)...
  [1;36m[dry-run][0m parted -s /dev/nvme0n1 resizepart 7 1058140159s
  [1;36m[dry-run][0m partprobe /dev/nvme0n1
  [1;36m[dry-run][0m sleep 2
[1;34m[ИНФО][0m Расширение ext4 до точного 100% размера нового раздела p7 (200 ГБ)...
  [1;36m[dry-run][0m resize2fs /dev/nvme0n1p7
  [1;36m[dry-run][0m e2fsck -fy /dev/nvme0n1p7
[1;32m[УСПЕХ][0m Раздел p7 успешно уменьшен до 200 ГБ!
[1;34m[ИНФО][0m Создание раздела p8 на оставшемся пространстве (~427 ГБ)...
  [1;36m[dry-run][0m parted -s /dev/nvme0n1 mkpart UbuntuHome ext4 1058140160s 100%
  [1;36m[dry-run][0m partprobe /dev/nvme0n1
  [1;36m[dry-run][0m sleep 2
[1;34m[ИНФО][0m Форматирование p8 в ext4 с меткой UbuntuHome...
  [1;36m[dry-run][0m mkfs.ext4 -F -L UbuntuHome /dev/nvme0n1p8
[1;32m[УСПЕХ][0m Раздел p8 успешно создан и отформатирован!
[1;34m[ИНФО][0m Монтирование разделов для переноса файлов...
  [1;36m[dry-run][0m mkdir -p /tmp/split_root_mnt /tmp/split_home_mnt
  [1;36m[dry-run][0m mount /dev/nvme0n1p7 /tmp/split_root_mnt
  [1;36m[dry-run][0m mount /dev/nvme0n1p8 /tmp/split_home_mnt
  [1;36m[dry-run][0m rsync -aHAX /tmp/split_root_mnt/home/ /tmp/split_home_mnt/
  [1;36m[dry-run][0m Добавление UUID p8 в /etc/fstab как /home
  [1;36m[dry-run][0m Очистка старой папки /home на p7 (только ПОСЛЕ обновления fstab)
  [1;36m[dry-run][0m sync
  [1;36m[dry-run][0m umount /tmp/split_home_mnt
  [1;36m[dry-run][0m umount /tmp/split_root_mnt

[1;32m[1m======================================================================[0m
[1;32m[1m 🎉 РАЗДЕЛЕНИЕ СИСТЕМЫ УСПЕШНО ЗАВЕРШЕНО![0m
[1;32m[1m======================================================================[0m
Итог:
 • Системный корень (p7): [1;32m200 ГБ[0m (занято ~47 ГБ, свободно 153 ГБ)
 • Раздел данных /home (p8): [1;32m~427 ГБ[0m (занято ~66 ГБ, свободно 361 ГБ)
 • Если операцию прервали между обновлением fstab и очисткой, на p7 остались
   старые копии /home. Чистка (безопасно, p8 уже смонтирован как /home):
   Live -> mount /dev/nvme0n1p7 /mnt/p7 && rm -rf /mnt/p7/home/*
Компьютер готов к перезагрузке в обычную систему.
